Enter the array size (>0) and the numbers to fill the array with: 1, 3, 4, 5, 1, 1, 1, 6, 7, 8
1, 1, 1, 1, 3, 4, 5, 6, 7, 8
