Enter the array size (>0) and the numbers to fill the array with: 5, 4, 3, 2, 1
1, 2, 3, 4, 5
