Enter the array size (>0) and the numbers to fill the array with: 1, 1
1, 1
